// Jest Snapshot v1, https://goo.gl/fbAQLP

exports[`SafeAreaWrapper renders children correctly 1`] = `
<RCTSafeAreaView
  style={
    {
      "flex": 1,
    }
  }
>
  <Text>
    Test Child
  </Text>
</RCTSafeAreaView>
`;
