// Jest Snapshot v1, https://goo.gl/fbAQLP

exports[`LoadingIndicator renders correctly 1`] = `
<View
  style={
    {
      "alignItems": "center",
      "flex": 1,
      "justifyContent": "center",
    }
  }
>
  <ActivityIndicator
    size="large"
    testID="loading-indicator"
  />
</View>
`;
